// Jest Snapshot v1, https://goo.gl/fbAQLP

exports[`Match List Tests should match snapshot 1`] = `
<div
  className="page"
>
  <PageHeader
    backButtonRequired={true}
    header="Match List"
  />
  <Container
    style={
      Object {
        "height": "100vh",
      }
    }
  >
    <Form
      as="form"
    >
      <FormField>
        <Input
          label="Search"
          name="searchtext"
          onChange={[Function]}
          type="text"
        />
      </FormField>
      <FormGroup
        widths="equal"
      >
        <FormField>
          <Input
            label="Between"
            name="startdate"
            onChange={[Function]}
            placeholder="Start date"
            type="date"
          />
        </FormField>
        <FormField>
          <Input
            name="enddate"
            onChange={[Function]}
            placeholder="End date"
            type="date"
          />
        </FormField>
        <FormField>
          <Input
            label="Competition"
            name="competition"
            onChange={[Function]}
            type="text"
          />
        </FormField>
      </FormGroup>
      <FormButton
        as={[Function]}
        control={[Function]}
        onClick={[Function]}
      >
        Submit
      </FormButton>
    </Form>
    <div
      id="container"
      style={
        Object {
          "height": "100vh",
        }
      }
    >
      <MatchListTable
        items={
          Array [
            Match {
              "away": "team B",
              "competitionID": 1,
              "competitionName": "comp A",
              "date": 1991-04-20T00:00:00.000Z,
              "home": "team A",
              "id": 1,
            },
            Match {
              "away": "test D",
              "competitionID": 1,
              "competitionName": "comp B",
              "date": 1991-04-20T00:00:00.000Z,
              "home": "team C",
              "id": 2,
            },
          ]
        }
      />
    </div>
  </Container>
</div>
`;
